Windows.Win32.Graphics.Gdi.Apis.EnumDisplayMonitors|
int EnumDisplayMonitors(int? hdc, Pointer<RECT>? lprcClip,
        Pointer<NativeFunction<MONITORENUMPROC>> lpfnEnum, int dwData) =>
    _EnumDisplayMonitors(hdc ?? 0, lprcClip ?? nullptr, lpfnEnum, dwData);

final _EnumDisplayMonitors = _user32.lookupFunction<
    BOOL Function(HDC hdc, Pointer<RECT> lprcClip,
        Pointer<NativeFunction<MONITORENUMPROC>> lpfnEnum, LPARAM dwData),
    int Function(
        int hdc,
        Pointer<RECT> lprcClip,
        Pointer<NativeFunction<MONITORENUMPROC>> lpfnEnum,
        int dwData)>('EnumDisplayMonitors');
